대상 282종 · IUCN 토큰 없음 (GBIF 경로) · 캐시 모드 frozen

  [ 20/282] 등급 있음 20 · 오류 0
  [ 40/282] 등급 있음 39 · 오류 0
  [ 60/282] 등급 있음 58 · 오류 0
  [ 80/282] 등급 있음 77 · 오류 0
  [100/282] 등급 있음 97 · 오류 0
  [120/282] 등급 있음 108 · 오류 0
  [140/282] 등급 있음 114 · 오류 0
  [160/282] 등급 있음 115 · 오류 0
  [180/282] 등급 있음 118 · 오류 0
  [200/282] 등급 있음 123 · 오류 0
  [220/282] 등급 있음 130 · 오류 0
  [240/282] 등급 있음 134 · 오류 0
  [260/282] 등급 있음 139 · 오류 0
  [280/282] 등급 있음 142 · 오류 0
  [282/282] 등급 있음 142 · 오류 0
캐시 목록 974건 → cache_manifest.json (census_token_free)

대상 282종
  matched_via_gbif             142
  no_global_category_via_gbif  125
  name_unresolved_via_gbif     15
  오류                         0

[OK] paper02_bench/dataset/iucn_via_gbif_census.json
